---
source: alpha-codegen/src/describe.rs
expression: text
---
[N] -> { Y__init[__rect0] -> [__rect0' = __rect0, 0] : 0 <= __rect0 < N; MaxY__init[__rect0] -> [__rect0' = __rect0, 0] : 0 <= __rect0 < N; MaxY__reduce[i, j] -> [i' = i, j' = j] : i < N and 0 <= j <= i and j < N; Y__reduce[i, j] -> [i' = i, j' = j] : i < N and 0 <= j <= i and j < N }
